../Core/Src/alt_main.cpp:366:15:double getSetpointSteps(float)	24	static
../Core/Src/alt_main.cpp:304:14:Error handleError(Error)	72	static
../Core/Src/alt_main.cpp:209:13:)	16	static
../Core/Src/alt_main.cpp:172:6:void HAL_ADC_ConvCpltCallback(ADC_HandleTypeDef*)	8	static
../Core/Src/alt_main.cpp:182:6:void HAL_TIM_PeriodElapsedCallback(TIM_HandleTypeDef*)	16	static
../Core/Src/alt_main.cpp:243:13:sCAN_Header parse_id(uint32_t)	8	static
../Core/Src/alt_main.cpp:252:10:uint32_t header2id(sCAN_Header)	8	static
../Core/Src/alt_main.cpp:491:5:int alt_main()	104	static
../Core/Src/alt_main.cpp:614:6:void HAL_FDCAN_RxFifo0Callback(FDCAN_HandleTypeDef*, uint32_t)	112	static
../Core/Src/alt_main.cpp:661:1:cpp)	24	static
../Core/Src/alt_main.cpp:661:1:cpp)	0	static
