../Core/Src/alt_main.cpp:361:15:double getSetpointSteps(float)	24	static
../Core/Src/alt_main.cpp:299:14:Error handleError(Error)	72	static
../Core/Src/alt_main.cpp:204:13:)	16	static
../Core/Src/alt_main.cpp:167:6:void HAL_ADC_ConvCpltCallback(ADC_HandleTypeDef*)	8	static
../Core/Src/alt_main.cpp:177:6:void HAL_TIM_PeriodElapsedCallback(TIM_HandleTypeDef*)	16	static
../Core/Src/alt_main.cpp:238:13:sCAN_Header parse_id(uint32_t)	8	static
../Core/Src/alt_main.cpp:247:10:uint32_t header2id(sCAN_Header)	8	static
../Core/Src/alt_main.cpp:482:5:int alt_main()	64	static
../Core/Src/alt_main.cpp:601:6:void HAL_FDCAN_RxFifo0Callback(FDCAN_HandleTypeDef*, uint32_t)	112	static
../Core/Src/alt_main.cpp:648:1:cpp)	24	static
../Core/Src/alt_main.cpp:648:1:cpp)	0	static
