../Core/Src/tim.c:101:6:MX_TIM2_Init	40	static
../Core/Src/tim.c:142:6:MX_TIM3_Init	40	static
../Core/Src/tim.c:182:6:MX_TIM4_Init	40	static
../Core/Src/tim.c:280:6:HAL_TIM_PWM_MspInit	8	static
../Core/Src/tim.c:296:6:HAL_TIM_Base_MspInit	24	static
../Core/Src/tim.c:352:6:HAL_TIM_MspPostInit	40	static
../Core/Src/tim.c:34:6:MX_TIM1_Init	104	static
../Core/Src/tim.c:222:6:MX_TIM17_Init	88	static
../Core/Src/tim.c:400:6:HAL_TIM_PWM_MspDeInit	0	static
../Core/Src/tim.c:416:6:HAL_TIM_Base_MspDeInit	0	static
