19:11:50 **** Incremental Build of configuration Debug for project PID Controller ****
make -j16 all 
arm-none-eabi-size  PID\ Controller.elf 
   text	   data	    bss	    dec	    hex	filename
  29384	     32	   2120	  31536	   7b30	PID Controller.elf
Finished building: default.size.stdout
 
19:11:56 **** Incremental Build of configuration Debug for project PID Controller ****
make -j16 all 
arm-none-eabi-size  PID\ Controller.elf 
   text	   data	    bss	    dec	    hex	filename
  29384	     32	   2120	  31536	   7b30	PID Controller.elf
Finished building: default.size.stdout
 
19:13:53 **** Incremental Build of configuration Debug for project PID Controller ****
make -j16 all 
arm-none-eabi-size  PID\ Controller.elf 
   text	   data	    bss	    dec	    hex	filename
  29384	     32	   2120	  31536	   7b30	PID Controller.elf
Finished building: default.size.stdout
 
19:16:12 **** Incremental Build of configuration Debug for project PID Controller ****
make -j16 all 
arm-none-eabi-size  PID\ Controller.elf 
   text	   data	    bss	    dec	    hex	filename
  29384	     32	   2120	  31536	   7b30	PID Controller.elf
Finished building: default.size.stdout
 
19:18:48 **** Incremental Build of configuration Debug for project PID Controller ****
make -j16 all 
arm-none-eabi-size  PID\ Controller.elf 
   text	   data	    bss	    dec	    hex	filename
  29384	     32	   2120	  31536	   7b30	PID Controller.elf
Finished building: default.size.stdout
 
19:20:27 **** Incremental Build of configuration Debug for project PID Controller ****
make -j16 all 
arm-none-eabi-size  PID\ Controller.elf 
   text	   data	    bss	    dec	    hex	filename
  29384	     32	   2120	  31536	   7b30	PID Controller.elf
Finished building: default.size.stdout
 
19:20:42 **** Incremental Build of configuration Debug for project PID Controller ****
make -j16 all 
arm-none-eabi-size  PID\ Controller.elf 
   text	   data	    bss	    dec	    hex	filename
  29384	     32	   2120	  31536	   7b30	PID Controller.elf
Finished building: default.size.stdout
 
